Turbo Assembler	 Version 4.1	    11/06/19 19:21:13	    Page 1
prg2.ASM



      1	    0000			 .model	small
      2	    0000			 .stack	100h
      3					 .486
      4
      5	    0000			 .data
      6	    0000  54 68	65 20 72 65 73+	 resultQuote db	'The result is:	'
      7		  75 6C	74 20 69 73 3A+
      8		  20
      9	    000F  09*(??) 24		 outputString db 9 dup(?), '$'
     10
     11	    0019			 .code
     12	    0000			 start:
     13	    0000  B8 0000s		     mov ax, @data
     14	    0003  8E D8			     mov ds, ax
     15
     16					     .include io.asm
**Error** prg2.ASM(14) Illegal instruction
     17
     18
     19
     20	    0005  B8 4C00		     mov ax, 4C00h
     21	    0008  CD 21			     int 21h
     22					 end start
Turbo Assembler	 Version 4.1	    11/06/19 19:21:13	    Page 2
Symbol Table




Symbol Name			  Type	 Value

??DATE				  Text	 "11/06/19"
??FILENAME			  Text	 "prg2	  "
??TIME				  Text	 "19:21:13"
??VERSION			  Number 040A
@32BIT				  Text	 0
@CODE				  Text	 _TEXT
@CODESIZE			  Text	 0
@CPU				  Text	 1F1FH
@CURSEG				  Text	 _TEXT
@DATA				  Text	 DGROUP
@DATASIZE			  Text	 0
@FILENAME			  Text	 PRG2
@INTERFACE			  Text	 000H
@MODEL				  Text	 2
@STACK				  Text	 DGROUP
@WORDSIZE			  Text	 2
OUTPUTSTRING			  Byte	 DGROUP:000F
RESULTQUOTE			  Byte	 DGROUP:0000
START				  Near	 _TEXT:0000

Groups & Segments		  Bit Size Align  Combine Class

DGROUP				  Group
  STACK				  16  0100 Para	  Stack	  STACK
  _DATA				  16  0019 Word	  Public  DATA
_TEXT				  16  000A Word	  Public  CODE
Turbo Assembler	 Version 4.1	    11/06/19 19:21:13	    Page 3
Error Summary



**Error** prg2.ASM(14) Illegal instruction
